Archive member included to satisfy reference by file (symbol)

c:/st/stm32cubeide_1.4.0/stm32cubeide/plugins/com.st.stm32cube.ide.mcu.externaltools.gnu-tools-for-stm32.7-2018-q2-update.win32_1.4.0.202007081208/tools/bin/../lib/gcc/arm-none-eabi/7.3.1/../../../../arm-none-eabi/lib/thumb/v7-m\libc_nano.a(lib_a-errno.o)
                              Src/syscalls.o (__errno)
c:/st/stm32cubeide_1.4.0/stm32cubeide/plugins/com.st.stm32cube.ide.mcu.externaltools.gnu-tools-for-stm32.7-2018-q2-update.win32_1.4.0.202007081208/tools/bin/../lib/gcc/arm-none-eabi/7.3.1/../../../../arm-none-eabi/lib/thumb/v7-m\libc_nano.a(lib_a-exit.o)
                              c:/st/stm32cubeide_1.4.0/stm32cubeide/plugins/com.st.stm32cube.ide.mcu.externaltools.gnu-tools-for-stm32.7-2018-q2-update.win32_1.4.0.202007081208/tools/bin/../lib/gcc/arm-none-eabi/7.3.1/../../../../arm-none-eabi/lib/thumb/v7-m/crt0.o (exit)
c:/st/stm32cubeide_1.4.0/stm32cubeide/plugins/com.st.stm32cube.ide.mcu.externaltools.gnu-tools-for-stm32.7-2018-q2-update.win32_1.4.0.202007081208/tools/bin/../lib/gcc/arm-none-eabi/7.3.1/../../../../arm-none-eabi/lib/thumb/v7-m\libc_nano.a(lib_a-impure.o)
                              c:/st/stm32cubeide_1.4.0/stm32cubeide/plugins/com.st.stm32cube.ide.mcu.externaltools.gnu-tools-for-stm32.7-2018-q2-update.win32_1.4.0.202007081208/tools/bin/../lib/gcc/arm-none-eabi/7.3.1/../../../../arm-none-eabi/lib/thumb/v7-m\libc_nano.a(lib_a-exit.o) (_global_impure_ptr)
c:/st/stm32cubeide_1.4.0/stm32cubeide/plugins/com.st.stm32cube.ide.mcu.externaltools.gnu-tools-for-stm32.7-2018-q2-update.win32_1.4.0.202007081208/tools/bin/../lib/gcc/arm-none-eabi/7.3.1/../../../../arm-none-eabi/lib/thumb/v7-m\libc_nano.a(lib_a-init.o)
                              c:/st/stm32cubeide_1.4.0/stm32cubeide/plugins/com.st.stm32cube.ide.mcu.externaltools.gnu-tools-for-stm32.7-2018-q2-update.win32_1.4.0.202007081208/tools/bin/../lib/gcc/arm-none-eabi/7.3.1/../../../../arm-none-eabi/lib/thumb/v7-m/crt0.o (__libc_init_array)
c:/st/stm32cubeide_1.4.0/stm32cubeide/plugins/com.st.stm32cube.ide.mcu.externaltools.gnu-tools-for-stm32.7-2018-q2-update.win32_1.4.0.202007081208/tools/bin/../lib/gcc/arm-none-eabi/7.3.1/../../../../arm-none-eabi/lib/thumb/v7-m\libc_nano.a(lib_a-memset.o)
                              c:/st/stm32cubeide_1.4.0/stm32cubeide/plugins/com.st.stm32cube.ide.mcu.externaltools.gnu-tools-for-stm32.7-2018-q2-update.win32_1.4.0.202007081208/tools/bin/../lib/gcc/arm-none-eabi/7.3.1/../../../../arm-none-eabi/lib/thumb/v7-m/crt0.o (memset)
c:/st/stm32cubeide_1.4.0/stm32cubeide/plugins/com.st.stm32cube.ide.mcu.externaltools.gnu-tools-for-stm32.7-2018-q2-update.win32_1.4.0.202007081208/tools/bin/../lib/gcc/arm-none-eabi/7.3.1/../../../../arm-none-eabi/lib/thumb/v7-m\libc_nano.a(lib_a-sprintf.o)
                              HAL/LCD_driver/lcd.o (sprintf)
c:/st/stm32cubeide_1.4.0/stm32cubeide/plugins/com.st.stm32cube.ide.mcu.externaltools.gnu-tools-for-stm32.7-2018-q2-update.win32_1.4.0.202007081208/tools/bin/../lib/gcc/arm-none-eabi/7.3.1/../../../../arm-none-eabi/lib/thumb/v7-m\libc_nano.a(lib_a-nano-svfprintf.o)
                              c:/st/stm32cubeide_1.4.0/stm32cubeide/plugins/com.st.stm32cube.ide.mcu.externaltools.gnu-tools-for-stm32.7-2018-q2-update.win32_1.4.0.202007081208/tools/bin/../lib/gcc/arm-none-eabi/7.3.1/../../../../arm-none-eabi/lib/thumb/v7-m\libc_nano.a(lib_a-sprintf.o) (_svfprintf_r)
c:/st/stm32cubeide_1.4.0/stm32cubeide/plugins/com.st.stm32cube.ide.mcu.externaltools.gnu-tools-for-stm32.7-2018-q2-update.win32_1.4.0.202007081208/tools/bin/../lib/gcc/arm-none-eabi/7.3.1/../../../../arm-none-eabi/lib/thumb/v7-m\libc_nano.a(lib_a-nano-vfprintf_i.o)
                              c:/st/stm32cubeide_1.4.0/stm32cubeide/plugins/com.st.stm32cube.ide.mcu.externaltools.gnu-tools-for-stm32.7-2018-q2-update.win32_1.4.0.202007081208/tools/bin/../lib/gcc/arm-none-eabi/7.3.1/../../../../arm-none-eabi/lib/thumb/v7-m\libc_nano.a(lib_a-nano-svfprintf.o) (_printf_i)
c:/st/stm32cubeide_1.4.0/stm32cubeide/plugins/com.st.stm32cube.ide.mcu.externaltools.gnu-tools-for-stm32.7-2018-q2-update.win32_1.4.0.202007081208/tools/bin/../lib/gcc/arm-none-eabi/7.3.1/../../../../arm-none-eabi/lib/thumb/v7-m\libc_nano.a(lib_a-memchr-stub.o)
                              c:/st/stm32cubeide_1.4.0/stm32cubeide/plugins/com.st.stm32cube.ide.mcu.externaltools.gnu-tools-for-stm32.7-2018-q2-update.win32_1.4.0.202007081208/tools/bin/../lib/gcc/arm-none-eabi/7.3.1/../../../../arm-none-eabi/lib/thumb/v7-m\libc_nano.a(lib_a-nano-svfprintf.o) (memchr)
c:/st/stm32cubeide_1.4.0/stm32cubeide/plugins/com.st.stm32cube.ide.mcu.externaltools.gnu-tools-for-stm32.7-2018-q2-update.win32_1.4.0.202007081208/tools/bin/../lib/gcc/arm-none-eabi/7.3.1/../../../../arm-none-eabi/lib/thumb/v7-m\libc_nano.a(lib_a-memcpy-stub.o)
[...]
Memory Configuration

Name             Origin             Length             Attributes
RAM              0x0000000020000000 0x0000000000002800 xrw
ROM              0x0000000008000000 0x0000000000008000 xr
*default*        0x0000000000000000 0xffffffffffffffff

Linker script and memory map

LOAD c:/st/stm32cubeide_1.4.0/stm32cubeide/plugins/com.st.stm32cube.ide.mcu.externaltools.gnu-tools-for-stm32.7-2018-q2-update.win32_1.4.0.202007081208/tools/bin/../lib/gcc/arm-none-eabi/7.3.1/thumb/v7-m/crti.o
LOAD c:/st/stm32cubeide_1.4.0/stm32cubeide/plugins/com.st.stm32cube.ide.mcu.externaltools.gnu-tools-for-stm32.7-2018-q2-update.win32_1.4.0.202007081208/tools/bin/../lib/gcc/arm-none-eabi/7.3.1/thumb/v7-m/crtbegin.o
LOAD c:/st/stm32cubeide_1.4.0/stm32cubeide/plugins/com.st.stm32cube.ide.mcu.externaltools.gnu-tools-for-stm32.7-2018-q2-update.win32_1.4.0.202007081208/tools/bin/../lib/gcc/arm-none-eabi/7.3.1/../../../../arm-none-eabi/lib/thumb/v7-m/crt0.o
LOAD HAL/7SEG_driver/7SEG.o
LOAD HAL/Keypad_driver/kaypad.o
LOAD HAL/LCD_driver/lcd.o
LOAD Src/main.o
LOAD Src/syscalls.o
LOAD Src/sysmem.o
LOAD Startup/startup_stm32f103c6tx.o
LOAD Stm32_F103C6_Drivers/STM32_F103C6_EXTI_Driver.o
LOAD Stm32_F103C6_Drivers/STM32_F103C6_GPIO_Driver.o
LOAD Stm32_F103C6_Drivers/STM32_F103C6_RCC_Driver.o
LOAD Stm32_F103C6_Drivers/STM32_F103C6_SPI_Driver.o
LOAD Stm32_F103C6_Drivers/STM32_F103C6_USART_Driver.o
START GROUP
LOAD c:/st/stm32cubeide_1.4.0/stm32cubeide/plugins/com.st.stm32cube.ide.mcu.externaltools.gnu-tools-for-stm32.7-2018-q2-update.win32_1.4.0.202007081208/tools/bin/../lib/gcc/arm-none-eabi/7.3.1/../../../../arm-none-eabi/lib/thumb/v7-m\libc_nano.a
LOAD c:/st/stm32cubeide_1.4.0/stm32cubeide/plugins/com.st.stm32cube.ide.mcu.externaltools.gnu-tools-for-stm32.7-2018-q2-update.win32_1.4.0.202007081208/tools/bin/../lib/gcc/arm-none-eabi/7.3.1/../../../../arm-none-eabi/lib/thumb/v7-m\libm.a
END GROUP
START GROUP
LOAD c:/st/stm32cubeide_1.4.0/stm32cubeide/plugins/com.st.stm32cube.ide.mcu.externaltools.gnu-tools-for-stm32.7-2018-q2-update.win32_1.4.0.202007081208/tools/bin/../lib/gcc/arm-none-eabi/7.3.1/thumb/v7-m\libgcc.a
LOAD c:/st/stm32cubeide_1.4.0/stm32cubeide/plugins/com.st.stm32cube.ide.mcu.externaltools.gnu-tools-for-stm32.7-2018-q2-update.win32_1.4.0.202007081208/tools/bin/../lib/gcc/arm-none-eabi/7.3.1/../../../../arm-none-eabi/lib/thumb/v7-m\libg_nano.a
LOAD c:/st/stm32cubeide_1.4.0/stm32cubeide/plugins/com.st.stm32cube.ide.mcu.externaltools.gnu-tools-for-stm32.7-2018-q2-update.win32_1.4.0.202007081208/tools/bin/../lib/gcc/arm-none-eabi/7.3.1/../../../../arm-none-eabi/lib/thumb/v7-m\libc_nano.a
END GROUP
START GROUP
LOAD c:/st/stm32cubeide_1.4.0/stm32cubeide/plugins/com.st.stm32cube.ide.mcu.externaltools.gnu-tools-for-stm32.7-2018-q2-update.win32_1.4.0.202007081208/tools/bin/../lib/gcc/arm-none-eabi/7.3.1/thumb/v7-m\libgcc.a
LOAD c:/st/stm32cubeide_1.4.0/stm32cubeide/plugins/com.st.stm32cube.ide.mcu.externaltools.gnu-tools-for-stm32.7-2018-q2-update.win32_1.4.0.202007081208/tools/bin/../lib/gcc/arm-none-eabi/7.3.1/../../../../arm-none-eabi/lib/thumb/v7-m\libc_nano.a
LOAD c:/st/stm32cubeide_1.4.0/stm32cubeide/plugins/com.st.stm32cube.ide.mcu.externaltools.gnu-tools-for-stm32.7-2018-q2-update.win32_1.4.0.202007081208/tools/bin/../lib/gcc/arm-none-eabi/7.3.1/../../../../arm-none-eabi/lib/thumb/v7-m\libnosys.a
END GROUP
START GROUP
LOAD c:/st/stm32cubeide_1.4.0/stm32cubeide/plugins/com.st.stm32cube.ide.mcu.externaltools.gnu-tools-for-stm32.7-2018-q2-update.win32_1.4.0.202007081208/tools/bin/../lib/gcc/arm-none-eabi/7.3.1/thumb/v7-m\libgcc.a
LOAD c:/st/stm32cubeide_1.4.0/stm32cubeide/plugins/com.st.stm32cube.ide.mcu.externaltools.gnu-tools-for-stm32.7-2018-q2-update.win32_1.4.0.202007081208/tools/bin/../lib/gcc/arm-none-eabi/7.3.1/../../../../arm-none-eabi/lib/thumb/v7-m\libc_nano.a
LOAD c:/st/stm32cubeide_1.4.0/stm32cubeide/plugins/com.st.stm32cube.ide.mcu.externaltools.gnu-tools-for-stm32.7-2018-q2-update.win32_1.4.0.202007081208/tools/bin/../lib/gcc/arm-none-eabi/7.3.1/../../../../arm-none-eabi/lib/thumb/v7-m\libnosys.a
END GROUP
LOAD c:/st/stm32cubeide_1.4.0/stm32cubeide/plugins/com.st.stm32cube.ide.mcu.externaltools.gnu-tools-for-stm32.7-2018-q2-update.win32_1.4.0.202007081208/tools/bin/../lib/gcc/arm-none-eabi/7.3.1/thumb/v7-m/crtend.o
LOAD c:/st/stm32cubeide_1.4.0/stm32cubeide/plugins/com.st.stm32cube.ide.mcu.externaltools.gnu-tools-for-stm32.7-2018-q2-update.win32_1.4.0.202007081208/tools/bin/../lib/gcc/arm-none-eabi/7.3.1/thumb/v7-m/crtn.o
                0x0000000020002800                _estack = (ORIGIN (RAM) + LENGTH (RAM))
                0x0000000000000200                _Min_Heap_Size = 0x200
                0x0000000000000400                _Min_Stack_Size = 0x400

.isr_vector     0x0000000008000000      0x130
                0x0000000008000000                . = ALIGN (0x4)
 *(.isr_vector)
 .isr_vector    0x0000000008000000      0x130 Startup/startup_stm32f103c6tx.o
                0x0000000008000000                g_pfnVectors
                0x0000000008000130                . = ALIGN (0x4)

.text           0x0000000008000130      0xdd0
                0x0000000008000130                . = ALIGN (0x4)
 *(.text)
 .text          0x0000000008000130       0x40 c:/st/stm32cubeide_1.4.0/stm32cubeide/plugins/com.st.stm32cube.ide.mcu.externaltools.gnu-tools-for-stm32.7-2018-q2-update.win32_1.4.0.202007081208/tools/bin/../lib/gcc/arm-none-eabi/7.3.1/thumb/v7-m/crtbegin.o
 *(.text*)
 .text.Clock_init
                0x0000000008000170       0x34 Src/main.o
                0x0000000008000170                Clock_init
 .text.SPI1_IRQ_Receiver
                0x00000000080001a4       0x44 Src/main.o
                0x00000000080001a4                SPI1_IRQ_Receiver
 .text.UART_IRQ_Receiver
                0x00000000080001e8        0xc Src/main.o
                0x00000000080001e8                UART_IRQ_Receiver
 .text.main     0x00000000080001f4       0x90 Src/main.o
                0x00000000080001f4                main
 .text.Reset_Handler
                0x0000000008000284       0x50 Startup/startup_stm32f103c6tx.o
                0x0000000008000284                Reset_Handler
 .text.Default_Handler
                0x00000000080002d4        0x2 Startup/startup_stm32f103c6tx.o
                0x00000000080002d4                TIM8_TRG_COM_IRQHandler
                0x00000000080002d4                TIM8_CC_IRQHandler
                0x00000000080002d4                DebugMon_Handler
                0x00000000080002d4                TIM1_CC_IRQHandler
                0x00000000080002d4                HardFault_Handler
                0x00000000080002d4                TIM6_IRQHandler
                0x00000000080002d4                SysTick_Handler
                0x00000000080002d4                PVD_IRQHandler
                0x00000000080002d4                SDIO_IRQHandler
                0x00000000080002d4                PendSV_Handler
                0x00000000080002d4                NMI_Handler
                0x00000000080002d4                USB_HP_CAN_TX_IRQHandler
                0x00000000080002d4                I2C2_EV_IRQHandler
                0x00000000080002d4                UsageFault_Handler
                0x00000000080002d4                ADC1_2_IRQHandler
                0x00000000080002d4                CAN_SCE_IRQHandler
                0x00000000080002d4                TAMPER_IRQHandler
                0x00000000080002d4                TIM8_UP_IRQHandler
                0x00000000080002d4                DMA2_Channel2_IRQHandler
                0x00000000080002d4                DMA1_Channel4_IRQHandler
                0x00000000080002d4                RTC_IRQHandler
                0x00000000080002d4                DMA1_Channel7_IRQHandler
                0x00000000080002d4                UART5_IRQHandler
                0x00000000080002d4                ADC3_IRQHandler
                0x00000000080002d4                TIM4_IRQHandler
                0x00000000080002d4                CAN_RX1_IRQHandler
                0x00000000080002d4                DMA2_Channel1_IRQHandler
                0x00000000080002d4                I2C1_EV_IRQHandler
                0x00000000080002d4                DMA1_Channel6_IRQHandler
                0x00000000080002d4                UART4_IRQHandler
                0x00000000080002d4                TIM3_IRQHandler
                0x00000000080002d4                RCC_IRQHandler
                0x00000000080002d4                TIM1_TRG_COM_IRQHandler
                0x00000000080002d4                DMA1_Channel1_IRQHandler
                0x00000000080002d4                Default_Handler
                0x00000000080002d4                TIM7_IRQHandler
                0x00000000080002d4                TIM5_IRQHandler
                0x00000000080002d4                USB_LP_CAN_RX0_IRQHandler
                0x00000000080002d4                MemManage_Handler
                0x00000000080002d4                SVC_Handler
                0x00000000080002d4                DMA1_Channel5_IRQHandler
                0x00000000080002d4                DMA1_Channel3_IRQHandler
                0x00000000080002d4                FSMC_IRQHandler
                0x00000000080002d4                TIM1_UP_IRQHandler
                0x00000000080002d4                WWDG_IRQHandler
                0x00000000080002d4                TIM2_IRQHandler
                0x00000000080002d4                TIM1_BRK_IRQHandler
                0x00000000080002d4                RTCAlarm_IRQHandler
                0x00000000080002d4                DMA2_Channel4_5_IRQHandler
                0x00000000080002d4                I2C2_ER_IRQHandler
                0x00000000080002d4                DMA1_Channel2_IRQHandler
                0x00000000080002d4                TIM8_BRK_IRQHandler
                0x00000000080002d4                FLASH_IRQHandler
                0x00000000080002d4                BusFault_Handler
                0x00000000080002d4                SPI3_IRQHandler
                0x00000000080002d4                I2C1_ER_IRQHandler
                0x00000000080002d4                DMA2_Channel3_IRQHandler
 *fill*         0x00000000080002d6        0x2 
 .text.EXTI0_IRQHandler
                0x00000000080002d8       0x24 Stm32_F103C6_Drivers/STM32_F103C6_EXTI_Driver.o
                0x00000000080002d8                EXTI0_IRQHandler
 .text.EXTI1_IRQHandler
                0x00000000080002fc       0x24 Stm32_F103C6_Drivers/STM32_F103C6_EXTI_Driver.o
                0x00000000080002fc                EXTI1_IRQHandler
 .text.EXTI2_IRQHandler
                0x0000000008000320       0x24 Stm32_F103C6_Drivers/STM32_F103C6_EXTI_Driver.o
                0x0000000008000320                EXTI2_IRQHandler
 .text.EXTI3_IRQHandler
                0x0000000008000344       0x24 Stm32_F103C6_Drivers/STM32_F103C6_EXTI_Driver.o
                0x0000000008000344                EXTI3_IRQHandler
 .text.EXTI4_IRQHandler
                0x0000000008000368       0x24 Stm32_F103C6_Drivers/STM32_F103C6_EXTI_Driver.o
                0x0000000008000368                EXTI4_IRQHandler
 .text.EXTI9_5_IRQHandler
                0x000000000800038c       0xa8 Stm32_F103C6_Drivers/STM32_F103C6_EXTI_Driver.o
                0x000000000800038c                EXTI9_5_IRQHandler
 .text.EXTI15_10_IRQHandler
                0x0000000008000434       0xc4 Stm32_F103C6_Drivers/STM32_F103C6_EXTI_Driver.o
                0x0000000008000434                EXTI15_10_IRQHandler
 .text.Get_CRLH_Position
                0x00000000080004f8       0xc6 Stm32_F103C6_Drivers/STM32_F103C6_GPIO_Driver.o
                0x00000000080004f8                Get_CRLH_Position
 .text.MCAL_GPIO_init
                0x00000000080005be       0xfe Stm32_F103C6_Drivers/STM32_F103C6_GPIO_Driver.o
                0x00000000080005be                MCAL_GPIO_init
 .text.MCAL_RCC_Get_SYSCLK_Freq
                0x00000000080006bc       0x40 Stm32_F103C6_Drivers/STM32_F103C6_RCC_Driver.o
                0x00000000080006bc                MCAL_RCC_Get_SYSCLK_Freq
 .text.MCAL_RCC_Get_HCLK_Freq
                0x00000000080006fc       0x28 Stm32_F103C6_Drivers/STM32_F103C6_RCC_Driver.o
                0x00000000080006fc                MCAL_RCC_Get_HCLK_Freq
 .text.MCAL_RCC_Get_PCLK1_Freq
                0x0000000008000724       0x28 Stm32_F103C6_Drivers/STM32_F103C6_RCC_Driver.o
                0x0000000008000724                MCAL_RCC_Get_PCLK1_Freq
 .text.MCAL_RCC_Get_PCLK2_Freq
                0x000000000800074c       0x28 Stm32_F103C6_Drivers/STM32_F103C6_RCC_Driver.o
                0x000000000800074c                MCAL_RCC_Get_PCLK2_Freq
 .text.MCAL_SPI_Init
                0x0000000008000774      0x128 Stm32_F103C6_Drivers/STM32_F103C6_SPI_Driver.o
                0x0000000008000774                MCAL_SPI_Init
 .text.MCAL_SPI_GPIO_Set_Pins
                0x000000000800089c      0x224 Stm32_F103C6_Drivers/STM32_F103C6_SPI_Driver.o
                0x000000000800089c                MCAL_SPI_GPIO_Set_Pins
 .text.MCAL_SPI_TX_RX
                0x0000000008000ac0       0x54 Stm32_F103C6_Drivers/STM32_F103C6_SPI_Driver.o
                0x0000000008000ac0                MCAL_SPI_TX_RX
 .text.SPI1_IRQHandler
                0x0000000008000b14       0x5c Stm32_F103C6_Drivers/STM32_F103C6_SPI_Driver.o
                0x0000000008000b14                SPI1_IRQHandler
 .text.SPI2_IRQHandler
                0x0000000008000b70       0x5c Stm32_F103C6_Drivers/STM32_F103C6_SPI_Driver.o
                0x0000000008000b70                SPI2_IRQHandler
 .text.MCAL_UART_Init
                0x0000000008000bcc      0x194 Stm32_F103C6_Drivers/STM32_F103C6_USART_Driver.o
                0x0000000008000bcc                MCAL_UART_Init
 .text.MCAL_UART_GPIO_Set_Pins
                0x0000000008000d60       0xcc Stm32_F103C6_Drivers/STM32_F103C6_USART_Driver.o
                0x0000000008000d60                MCAL_UART_GPIO_Set_Pins
 .text.MCAL_UART_SendData
                0x0000000008000e2c       0x36 Stm32_F103C6_Drivers/STM32_F103C6_USART_Driver.o
                0x0000000008000e2c                MCAL_UART_SendData
 *fill*         0x0000000008000e62        0x2 
 .text.USART1_IRQHandler
                0x0000000008000e64       0x14 Stm32_F103C6_Drivers/STM32_F103C6_USART_Driver.o
                0x0000000008000e64                USART1_IRQHandler
 .text.USART2_IRQHandler
                0x0000000008000e78       0x14 Stm32_F103C6_Drivers/STM32_F103C6_USART_Driver.o
                0x0000000008000e78                USART2_IRQHandler
 .text.USART3_IRQHandler
                0x0000000008000e8c       0x14 Stm32_F103C6_Drivers/STM32_F103C6_USART_Driver.o
                0x0000000008000e8c                USART3_IRQHandler
 .text.__libc_init_array
                0x0000000008000ea0       0x48 c:/st/stm32cubeide_1.4.0/stm32cubeide/plugins/com.st.stm32cube.ide.mcu.externaltools.gnu-tools-for-stm32.7-2018-q2-update.win32_1.4.0.202007081208/tools/bin/../lib/gcc/arm-none-eabi/7.3.1/../../../../arm-none-eabi/lib/thumb/v7-m\libc_nano.a(lib_a-init.o)
                0x0000000008000ea0                __libc_init_array
 *(.glue_7)
 .glue_7        0x0000000008000ee8        0x0 linker stubs
 *(.glue_7t)
 .glue_7t       0x0000000008000ee8        0x0 linker stubs
 *(.eh_frame)
 .eh_frame      0x0000000008000ee8        0x0 c:/st/stm32cubeide_1.4.0/stm32cubeide/plugins/com.st.stm32cube.ide.mcu.externaltools.gnu-tools-for-stm32.7-2018-q2-update.win32_1.4.0.202007081208/tools/bin/../lib/gcc/arm-none-eabi/7.3.1/thumb/v7-m/crtbegin.o
 *(.init)
 .init          0x0000000008000ee8        0x4 c:/st/stm32cubeide_1.4.0/stm32cubeide/plugins/com.st.stm32cube.ide.mcu.externaltools.gnu-tools-for-stm32.7-2018-q2-update.win32_1.4.0.202007081208/tools/bin/../lib/gcc/arm-none-eabi/7.3.1/thumb/v7-m/crti.o
                0x0000000008000ee8                _init
 .init          0x0000000008000eec        0x8 c:/st/stm32cubeide_1.4.0/stm32cubeide/plugins/com.st.stm32cube.ide.mcu.externaltools.gnu-tools-for-stm32.7-2018-q2-update.win32_1.4.0.202007081208/tools/bin/../lib/gcc/arm-none-eabi/7.3.1/thumb/v7-m/crtn.o
 *(.fini)
 .fini          0x0000000008000ef4        0x4 c:/st/stm32cubeide_1.4.0/stm32cubeide/plugins/com.st.stm32cube.ide.mcu.externaltools.gnu-tools-for-stm32.7-2018-q2-update.win32_1.4.0.202007081208/tools/bin/../lib/gcc/arm-none-eabi/7.3.1/thumb/v7-m/crti.o
                0x0000000008000ef4                _fini
 .fini          0x0000000008000ef8        0x8 c:/st/stm32cubeide_1.4.0/stm32cubeide/plugins/com.st.stm32cube.ide.mcu.externaltools.gnu-tools-for-stm32.7-2018-q2-update.win32_1.4.0.202007081208/tools/bin/../lib/gcc/arm-none-eabi/7.3.1/thumb/v7-m/crtn.o
                0x0000000008000f00                . = ALIGN (0x4)
                0x0000000008000f00                _etext = .

.vfp11_veneer   0x0000000008000f00        0x0
 .vfp11_veneer  0x0000000008000f00        0x0 linker stubs

.v4_bx          0x0000000008000f00        0x0
 .v4_bx         0x0000000008000f00        0x0 linker stubs

.iplt           0x0000000008000f00        0x0
 .iplt          0x0000000008000f00        0x0 c:/st/stm32cubeide_1.4.0/stm32cubeide/plugins/com.st.stm32cube.ide.mcu.externaltools.gnu-tools-for-stm32.7-2018-q2-update.win32_1.4.0.202007081208/tools/bin/../lib/gcc/arm-none-eabi/7.3.1/thumb/v7-m/crtbegin.o

.rodata         0x0000000008000f00       0x18
                0x0000000008000f00                . = ALIGN (0x4)
 *(.rodata)
 *(.rodata*)
 .rodata.APBPreScTable
                0x0000000008000f00        0x8 Stm32_F103C6_Drivers/STM32_F103C6_RCC_Driver.o
                0x0000000008000f00                APBPreScTable
 .rodata.AHPPreScTable
                0x0000000008000f08       0x10 Stm32_F103C6_Drivers/STM32_F103C6_RCC_Driver.o
                0x0000000008000f08                AHPPreScTable
                0x0000000008000f18                . = ALIGN (0x4)

.rel.dyn        0x0000000008000f18        0x0
 .rel.iplt      0x0000000008000f18        0x0 c:/st/stm32cubeide_1.4.0/stm32cubeide/plugins/com.st.stm32cube.ide.mcu.externaltools.gnu-tools-for-stm32.7-2018-q2-update.win32_1.4.0.202007081208/tools/bin/../lib/gcc/arm-none-eabi/7.3.1/thumb/v7-m/crtbegin.o

.ARM.extab      0x0000000008000f18        0x0
                0x0000000008000f18                . = ALIGN (0x4)
 *(.ARM.extab* .gnu.linkonce.armextab.*)
                0x0000000008000f18                . = ALIGN (0x4)

.ARM            0x0000000008000f18        0x0
                0x0000000008000f18                . = ALIGN (0x4)
                0x0000000008000f18                __exidx_start = .
 *(.ARM.exidx*)
                0x0000000008000f18                __exidx_end = .
                0x0000000008000f18                . = ALIGN (0x4)

.preinit_array  0x0000000008000f18        0x0
                0x0000000008000f18                . = ALIGN (0x4)
                0x0000000008000f18                PROVIDE (__preinit_array_start = .)
 *(.preinit_array*)
                0x0000000008000f18                PROVIDE (__preinit_array_end = .)
                0x0000000008000f18                . = ALIGN (0x4)

.init_array     0x0000000008000f18        0x4
                0x0000000008000f18                . = ALIGN (0x4)
                0x0000000008000f18                PROVIDE (__init_array_start = .)
 *(SORT_BY_NAME(.init_array.*))
 *(.init_array*)
 .init_array    0x0000000008000f18        0x4 c:/st/stm32cubeide_1.4.0/stm32cubeide/plugins/com.st.stm32cube.ide.mcu.externaltools.gnu-tools-for-stm32.7-2018-q2-update.win32_1.4.0.202007081208/tools/bin/../lib/gcc/arm-none-eabi/7.3.1/thumb/v7-m/crtbegin.o
                0x0000000008000f1c                PROVIDE (__init_array_end = .)
                0x0000000008000f1c                . = ALIGN (0x4)

.fini_array     0x0000000008000f1c        0x4
                0x0000000008000f1c                . = ALIGN (0x4)
                [!provide]                        PROVIDE (__fini_array_start = .)
 *(SORT_BY_NAME(.fini_array.*))
 *(.fini_array*)
 .fini_array    0x0000000008000f1c        0x4 c:/st/stm32cubeide_1.4.0/stm32cubeide/plugins/com.st.stm32cube.ide.mcu.externaltools.gnu-tools-for-stm32.7-2018-q2-update.win32_1.4.0.202007081208/tools/bin/../lib/gcc/arm-none-eabi/7.3.1/thumb/v7-m/crtbegin.o
                [!provide]                        PROVIDE (__fini_array_end = .)
                0x0000000008000f20                . = ALIGN (0x4)
                0x0000000008000f20                _sidata = LOADADDR (.data)

.data           0x0000000020000000        0x0 load address 0x0000000008000f20
                0x0000000020000000                . = ALIGN (0x4)
                0x0000000020000000                _sdata = .
 *(.data)
 *(.data*)
                0x0000000020000000                . = ALIGN (0x4)
                0x0000000020000000                _edata = .

.igot.plt       0x0000000020000000        0x0 load address 0x0000000008000f20
 .igot.plt      0x0000000020000000        0x0 c:/st/stm32cubeide_1.4.0/stm32cubeide/plugins/com.st.stm32cube.ide.mcu.externaltools.gnu-tools-for-stm32.7-2018-q2-update.win32_1.4.0.202007081208/tools/bin/../lib/gcc/arm-none-eabi/7.3.1/thumb/v7-m/crtbegin.o
                0x0000000020000000                . = ALIGN (0x4)

.bss            0x0000000020000000       0x78 load address 0x0000000008000f20
                0x0000000020000000                _sbss = .
                0x0000000020000000                __bss_start__ = _sbss
 *(.bss)
 .bss           0x0000000020000000       0x1c c:/st/stm32cubeide_1.4.0/stm32cubeide/plugins/com.st.stm32cube.ide.mcu.externaltools.gnu-tools-for-stm32.7-2018-q2-update.win32_1.4.0.202007081208/tools/bin/../lib/gcc/arm-none-eabi/7.3.1/thumb/v7-m/crtbegin.o
 *(.bss*)
 .bss.Global_SPI_Config
                0x000000002000001c        0x8 Stm32_F103C6_Drivers/STM32_F103C6_SPI_Driver.o
                0x000000002000001c                Global_SPI_Config
 .bss.Global_UART_Config
                0x0000000020000024        0x4 Stm32_F103C6_Drivers/STM32_F103C6_USART_Driver.o
                0x0000000020000024                Global_UART_Config
 .bss.Global_UART1_Config
                0x0000000020000028        0x4 Stm32_F103C6_Drivers/STM32_F103C6_USART_Driver.o
                0x0000000020000028                Global_UART1_Config
 .bss.Global_UART2_Config
                0x000000002000002c        0x4 Stm32_F103C6_Drivers/STM32_F103C6_USART_Driver.o
                0x000000002000002c                Global_UART2_Config
 .bss.Global_UART3_Config
                0x0000000020000030        0x4 Stm32_F103C6_Drivers/STM32_F103C6_USART_Driver.o
                0x0000000020000030                Global_UART3_Config
 *(COMMON)
 COMMON         0x0000000020000034        0x1 Src/main.o
                0x0000000020000034                ch
 *fill*         0x0000000020000035        0x3 
 COMMON         0x0000000020000038       0x40 Stm32_F103C6_Drivers/STM32_F103C6_EXTI_Driver.o
                0x0000000020000038                GP_IRQ_CallBack
                0x0000000020000078                . = ALIGN (0x4)
                0x0000000020000078                _ebss = .
                0x0000000020000078                __bss_end__ = _ebss

._user_heap_stack
                0x0000000020000078      0x600 load address 0x0000000008000f20
                0x0000000020000078                . = ALIGN (0x8)
                [!provide]                        PROVIDE (end = .)
                0x0000000020000078                PROVIDE (_end = .)
                0x0000000020000278                . = (. + _Min_Heap_Size)
 *fill*         0x0000000020000078      0x200 
                0x0000000020000678                . = (. + _Min_Stack_Size)
 *fill*         0x0000000020000278      0x400 
                0x0000000020000678                . = ALIGN (0x8)

/DISCARD/
 libc.a(*)
 libm.a(*)
 libgcc.a(*)

.ARM.attributes
                0x0000000000000000       0x29
 *(.ARM.attributes)
 .ARM.attributes
                0x0000000000000000       0x1d c:/st/stm32cubeide_1.4.0/stm32cubeide/plugins/com.st.stm32cube.ide.mcu.externaltools.gnu-tools-for-stm32.7-2018-q2-update.win32_1.4.0.202007081208/tools/bin/../lib/gcc/arm-none-eabi/7.3.1/thumb/v7-m/crti.o
 .ARM.attributes
                0x000000000000001d       0x2d c:/st/stm32cubeide_1.4.0/stm32cubeide/plugins/com.st.stm32cube.ide.mcu.externaltools.gnu-tools-for-stm32.7-2018-q2-update.win32_1.4.0.202007081208/tools/bin/../lib/gcc/arm-none-eabi/7.3.1/thumb/v7-m/crtbegin.o
 .ARM.attributes
                0x000000000000004a       0x33 Src/main.o
 .ARM.attributes
                0x000000000000007d       0x21 Startup/startup_stm32f103c6tx.o
 .ARM.attributes
                0x000000000000009e       0x33 Stm32_F103C6_Drivers/STM32_F103C6_EXTI_Driver.o
 .ARM.attributes
                0x00000000000000d1       0x33 Stm32_F103C6_Drivers/STM32_F103C6_GPIO_Driver.o
 .ARM.attributes
                0x0000000000000104       0x33 Stm32_F103C6_Drivers/STM32_F103C6_RCC_Driver.o
 .ARM.attributes
                0x0000000000000137       0x33 Stm32_F103C6_Drivers/STM32_F103C6_SPI_Driver.o
 .ARM.attributes
                0x000000000000016a       0x33 Stm32_F103C6_Drivers/STM32_F103C6_USART_Driver.o
 .ARM.attributes
                0x000000000000019d       0x2d c:/st/stm32cubeide_1.4.0/stm32cubeide/plugins/com.st.stm32cube.ide.mcu.externaltools.gnu-tools-for-stm32.7-2018-q2-update.win32_1.4.0.202007081208/tools/bin/../lib/gcc/arm-none-eabi/7.3.1/../../../../arm-none-eabi/lib/thumb/v7-m\libc_nano.a(lib_a-init.o)
 .ARM.attributes
                0x00000000000001ca       0x1d c:/st/stm32cubeide_1.4.0/stm32cubeide/plugins/com.st.stm32cube.ide.mcu.externaltools.gnu-tools-for-stm32.7-2018-q2-update.win32_1.4.0.202007081208/tools/bin/../lib/gcc/arm-none-eabi/7.3.1/thumb/v7-m/crtn.o
OUTPUT(Drivers.elf elf32-littlearm)

.debug_info     0x0000000000000000     0x51b8
 .debug_info    0x0000000000000000      0xe07 Src/main.o
 .debug_info    0x0000000000000e07       0x22 Startup/startup_stm32f103c6tx.o
 .debug_info    0x0000000000000e29      0xdca Stm32_F103C6_Drivers/STM32_F103C6_EXTI_Driver.o
 .debug_info    0x0000000000001bf3      0xda6 Stm32_F103C6_Drivers/STM32_F103C6_GPIO_Driver.o
 .debug_info    0x0000000000002999      0xb09 Stm32_F103C6_Drivers/STM32_F103C6_RCC_Driver.o
 .debug_info    0x00000000000034a2      0xedd Stm32_F103C6_Drivers/STM32_F103C6_SPI_Driver.o
 .debug_info    0x000000000000437f      0xe39 Stm32_F103C6_Drivers/STM32_F103C6_USART_Driver.o

.debug_abbrev   0x0000000000000000      0xce2
 .debug_abbrev  0x0000000000000000      0x24f Src/main.o
 .debug_abbrev  0x000000000000024f       0x12 Startup/startup_stm32f103c6tx.o
 .debug_abbrev  0x0000000000000261      0x228 Stm32_F103C6_Drivers/STM32_F103C6_EXTI_Driver.o
 .debug_abbrev  0x0000000000000489      0x218 Stm32_F103C6_Drivers/STM32_F103C6_GPIO_Driver.o
 .debug_abbrev  0x00000000000006a1      0x19b Stm32_F103C6_Drivers/STM32_F103C6_RCC_Driver.o
 .debug_abbrev  0x000000000000083c      0x269 Stm32_F103C6_Drivers/STM32_F103C6_SPI_Driver.o
 .debug_abbrev  0x0000000000000aa5      0x23d Stm32_F103C6_Drivers/STM32_F103C6_USART_Driver.o

.debug_loc      0x0000000000000000      0xe30
 .debug_loc     0x0000000000000000      0x16c Src/main.o
 .debug_loc     0x000000000000016c      0x320 Stm32_F103C6_Drivers/STM32_F103C6_EXTI_Driver.o
 .debug_loc     0x000000000000048c      0x38c Stm32_F103C6_Drivers/STM32_F103C6_GPIO_Driver.o
 .debug_loc     0x0000000000000818       0xc8 Stm32_F103C6_Drivers/STM32_F103C6_RCC_Driver.o
 .debug_loc     0x00000000000008e0      0x2bc Stm32_F103C6_Drivers/STM32_F103C6_SPI_Driver.o
 .debug_loc     0x0000000000000b9c      0x294 Stm32_F103C6_Drivers/STM32_F103C6_USART_Driver.o

.debug_aranges  0x0000000000000000      0x240
 .debug_aranges
                0x0000000000000000       0x40 Src/main.o
 .debug_aranges
                0x0000000000000040       0x28 Startup/startup_stm32f103c6tx.o
 .debug_aranges
                0x0000000000000068       0x80 Stm32_F103C6_Drivers/STM32_F103C6_EXTI_Driver.o
 .debug_aranges
                0x00000000000000e8       0x68 Stm32_F103C6_Drivers/STM32_F103C6_GPIO_Driver.o
 .debug_aranges
                0x0000000000000150       0x38 Stm32_F103C6_Drivers/STM32_F103C6_RCC_Driver.o
 .debug_aranges
                0x0000000000000188       0x58 Stm32_F103C6_Drivers/STM32_F103C6_SPI_Driver.o
 .debug_aranges
                0x00000000000001e0       0x60 Stm32_F103C6_Drivers/STM32_F103C6_USART_Driver.o

.debug_ranges   0x0000000000000000      0x1d8
 .debug_ranges  0x0000000000000000       0x30 Src/main.o
 .debug_ranges  0x0000000000000030       0x20 Startup/startup_stm32f103c6tx.o
 .debug_ranges  0x0000000000000050       0x70 Stm32_F103C6_Drivers/STM32_F103C6_EXTI_Driver.o
 .debug_ranges  0x00000000000000c0       0x58 Stm32_F103C6_Drivers/STM32_F103C6_GPIO_Driver.o
 .debug_ranges  0x0000000000000118       0x28 Stm32_F103C6_Drivers/STM32_F103C6_RCC_Driver.o
 .debug_ranges  0x0000000000000140       0x48 Stm32_F103C6_Drivers/STM32_F103C6_SPI_Driver.o
 .debug_ranges  0x0000000000000188       0x50 Stm32_F103C6_Drivers/STM32_F103C6_USART_Driver.o

.debug_macro    0x0000000000000000      0xdad
 .debug_macro   0x0000000000000000      0x181 Src/main.o
 .debug_macro   0x0000000000000181      0x21d Src/main.o
 .debug_macro   0x000000000000039e       0x16 Src/main.o
 .debug_macro   0x00000000000003b4       0xe2 Src/main.o
 .debug_macro   0x0000000000000496       0xc8 Src/main.o
 .debug_macro   0x000000000000055e      0x14e Stm32_F103C6_Drivers/STM32_F103C6_EXTI_Driver.o
 .debug_macro   0x00000000000006ac      0x100 Stm32_F103C6_Drivers/STM32_F103C6_EXTI_Driver.o
 .debug_macro   0x00000000000007ac      0x13f Stm32_F103C6_Drivers/STM32_F103C6_GPIO_Driver.o
 .debug_macro   0x00000000000008eb      0x13f Stm32_F103C6_Drivers/STM32_F103C6_RCC_Driver.o
 .debug_macro   0x0000000000000a2a       0x10 Stm32_F103C6_Drivers/STM32_F103C6_RCC_Driver.o
 .debug_macro   0x0000000000000a3a      0x160 Stm32_F103C6_Drivers/STM32_F103C6_SPI_Driver.o
 .debug_macro   0x0000000000000b9a       0xc2 Stm32_F103C6_Drivers/STM32_F103C6_SPI_Driver.o
 .debug_macro   0x0000000000000c5c      0x151 Stm32_F103C6_Drivers/STM32_F103C6_USART_Driver.o

.debug_line     0x0000000000000000     0x278c
 .debug_line    0x0000000000000000      0x63e Src/main.o
 .debug_line    0x000000000000063e       0x84 Startup/startup_stm32f103c6tx.o
 .debug_line    0x00000000000006c2      0x73a Stm32_F103C6_Drivers/STM32_F103C6_EXTI_Driver.o
 .debug_line    0x0000000000000dfc      0x68d Stm32_F103C6_Drivers/STM32_F103C6_GPIO_Driver.o
 .debug_line    0x0000000000001489      0x5a5 Stm32_F103C6_Drivers/STM32_F103C6_RCC_Driver.o
 .debug_line    0x0000000000001a2e      0x6ae Stm32_F103C6_Drivers/STM32_F103C6_SPI_Driver.o
 .debug_line    0x00000000000020dc      0x6b0 Stm32_F103C6_Drivers/STM32_F103C6_USART_Driver.o

.debug_str      0x0000000000000000     0xa728
 .debug_str     0x0000000000000000     0x9f7b Src/main.o
                                       0xa207 (size before relaxing)
 .debug_str     0x0000000000009f7b       0x31 Startup/startup_stm32f103c6tx.o
                                         0x65 (size before relaxing)
 .debug_str     0x0000000000009fac      0x2cb Stm32_F103C6_Drivers/STM32_F103C6_EXTI_Driver.o
                                       0x975e (size before relaxing)
 .debug_str     0x000000000000a277      0x145 Stm32_F103C6_Drivers/STM32_F103C6_GPIO_Driver.o
                                       0x8306 (size before relaxing)
 .debug_str     0x000000000000a3bc       0xae Stm32_F103C6_Drivers/STM32_F103C6_RCC_Driver.o
                                       0x7d60 (size before relaxing)
 .debug_str     0x000000000000a46a      0x16b Stm32_F103C6_Drivers/STM32_F103C6_SPI_Driver.o
                                       0x8942 (size before relaxing)
 .debug_str     0x000000000000a5d5      0x153 Stm32_F103C6_Drivers/STM32_F103C6_USART_Driver.o
                                       0x89e6 (size before relaxing)

.comment        0x0000000000000000       0x7b
 .comment       0x0000000000000000       0x7b Src/main.o
                                         0x7c (size before relaxing)
 .comment       0x000000000000007b       0x7c Stm32_F103C6_Drivers/STM32_F103C6_EXTI_Driver.o
 .comment       0x000000000000007b       0x7c Stm32_F103C6_Drivers/STM32_F103C6_GPIO_Driver.o
 .comment       0x000000000000007b       0x7c Stm32_F103C6_Drivers/STM32_F103C6_RCC_Driver.o
 .comment       0x000000000000007b       0x7c Stm32_F103C6_Drivers/STM32_F103C6_SPI_Driver.o
 .comment       0x000000000000007b       0x7c Stm32_F103C6_Drivers/STM32_F103C6_USART_Driver.o

.debug_frame    0x0000000000000000      0x750
 .debug_frame   0x0000000000000000       0xbc Src/main.o
 .debug_frame   0x00000000000000bc      0x1b0 Stm32_F103C6_Drivers/STM32_F103C6_EXTI_Driver.o
 .debug_frame   0x000000000000026c      0x1a0 Stm32_F103C6_Drivers/STM32_F103C6_GPIO_Driver.o
 .debug_frame   0x000000000000040c       0x84 Stm32_F103C6_Drivers/STM32_F103C6_RCC_Driver.o
 .debug_frame   0x0000000000000490      0x148 Stm32_F103C6_Drivers/STM32_F103C6_SPI_Driver.o
 .debug_frame   0x00000000000005d8      0x14c Stm32_F103C6_Drivers/STM32_F103C6_USART_Driver.o
 .debug_frame   0x0000000000000724       0x2c c:/st/stm32cubeide_1.4.0/stm32cubeide/plugins/com.st.stm32cube.ide.mcu.externaltools.gnu-tools-for-stm32.7-2018-q2-update.win32_1.4.0.202007081208/tools/bin/../lib/gcc/arm-none-eabi/7.3.1/../../../../arm-none-eabi/lib/thumb/v7-m\libc_nano.a(lib_a-init.o)
