STM32_F103C6_EXTI_Driver.c:32:7:Enable_NVIC	16	static
STM32_F103C6_EXTI_Driver.c:68:7:Disable_NVIC	16	static
STM32_F103C6_EXTI_Driver.c:105:6:Update_EXTI	24	static
STM32_F103C6_EXTI_Driver.c:180:6:MCAL_EXTI_GPIO_init	16	static
STM32_F103C6_EXTI_Driver.c:191:6:MCAL_EXTI_GPIO_Deinit	4	static
STM32_F103C6_EXTI_Driver.c:225:6:MCAL_EXTI_GPIO_Update	16	static
STM32_F103C6_EXTI_Driver.c:240:6:EXTI0_IRQHandler	8	static
STM32_F103C6_EXTI_Driver.c:248:6:EXTI1_IRQHandler	8	static
STM32_F103C6_EXTI_Driver.c:255:6:EXTI2_IRQHandler	8	static
STM32_F103C6_EXTI_Driver.c:262:6:EXTI3_IRQHandler	8	static
STM32_F103C6_EXTI_Driver.c:269:6:EXTI4_IRQHandler	8	static
STM32_F103C6_EXTI_Driver.c:276:6:EXTI9_5_IRQHandler	8	static
STM32_F103C6_EXTI_Driver.c:284:6:EXTI15_10_IRQHandler	8	static
