STM32_F103C6_USART_Driver.c:38:6:MCAL_UART_Init	24	static
STM32_F103C6_USART_Driver.c:119:6:MCAL_UART_DeInit	16	static
STM32_F103C6_USART_Driver.c:149:6:MCAL_UART_GPIO_Set_Pins	24	static
STM32_F103C6_USART_Driver.c:280:6:MCAL_UART_SendData	24	static
STM32_F103C6_USART_Driver.c:310:6:MCAL_UART_ReceiveData	24	static
STM32_F103C6_USART_Driver.c:352:6:MCAL_UART_WAIT_TC	16	static
STM32_F103C6_USART_Driver.c:364:6:USART1_IRQHandler	8	static
STM32_F103C6_USART_Driver.c:368:6:USART2_IRQHandler	8	static
STM32_F103C6_USART_Driver.c:372:6:USART3_IRQHandler	8	static
